org/openhab/binding/zmartmodbus/ModbusBindingClass$ModbusUnitsOfMeasure.class
org/openhab/binding/zmartmodbus/internal/protocol/ModbusCommEvent.class
org/openhab/binding/zmartmodbus/internal/controller/ModbusController$8.class
org/openhab/binding/zmartmodbus/handler/ModbusBridgeHandler$3.class
org/openhab/binding/zmartmodbus/internal/listener/ActionListener.class
org/openhab/binding/zmartmodbus/internal/listener/MessageListener.class
org/openhab/binding/zmartmodbus/internal/streams/ModbusState.class
org/openhab/binding/zmartmodbus/internal/factory/ModbusDataSet.class
org/openhab/binding/zmartmodbus/internal/factory/ModbusHandler.class
org/openhab/binding/zmartmodbus/internal/factory/ModbusActionFeed.class
org/openhab/binding/zmartmodbus/internal/protocol/ModbusFunctionJablotron.class
org/openhab/binding/zmartmodbus/internal/config/ModbusThingConfiguration.class
org/openhab/binding/zmartmodbus/internal/factory/ModbusFactory.class
org/openhab/binding/zmartmodbus/ModbusBindingClass$ModbusNodeClass.class
org/openhab/binding/zmartmodbus/internal/controller/ModbusThingChannel.class
org/openhab/binding/zmartmodbus/internal/protocol/SerialInterfaceException.class
org/openhab/binding/zmartmodbus/ModbusBindingConstants.class
org/openhab/binding/zmartmodbus/ModbusBindingClass$ModbusReportOn.class
org/openhab/binding/zmartmodbus/ModbusBindingClass$WeekDayClass.class
org/openhab/binding/zmartmodbus/ModbusBindingClass$SerialEncoding.class
org/openhab/binding/zmartmodbus/internal/util/Register.class
META-INF/MANIFEST.MF
org/openhab/binding/zmartmodbus/internal/ModbusHandlerFactory.class
org/openhab/binding/zmartmodbus/internal/exceptions/ModbusUnsupportedValueException.class
org/openhab/binding/zmartmodbus/internal/factory/ModbusHandler$1.class
org/openhab/binding/zmartmodbus/internal/exceptions/ModbusProtocolErrorCode.class
org/openhab/binding/zmartmodbus/ModbusBindingClass$ModbusMessageClass.class
org/openhab/binding/zmartmodbus/ModbusBindingClass$ModbusDataSetClass.class
org/openhab/binding/zmartmodbus/internal/controller/ModbusController$7.class
org/openhab/binding/zmartmodbus/internal/streams/ModbusMessage.class
org/openhab/binding/zmartmodbus/ModbusBindingClass$ModbusFeedRepeat.class
org/openhab/binding/zmartmodbus/handler/ModbusBridgeHandler.class
org/openhab/binding/zmartmodbus/internal/factory/ModbusFactory$2.class
org/openhab/binding/zmartmodbus/internal/util/Jablotron$ChannelTimerEvent.class
org/openhab/binding/zmartmodbus/ModbusBindingClass$ModbusActionClass.class
org/openhab/binding/zmartmodbus/ModbusBindingClass$ModbusFunctionClass.class
org/openhab/binding/zmartmodbus/internal/listener/StateListener.class
org/openhab/binding/zmartmodbus/internal/transceiver/ModbusSerialTransceiver.class
org/openhab/binding/zmartmodbus/handler/ModbusBridgeHandler$1.class
org/openhab/binding/zmartmodbus/internal/config/ModbusSerialConfiguration.class
org/openhab/binding/zmartmodbus/ModbusBindingClass$ModbusValueClass.class
org/openhab/binding/zmartmodbus/internal/util/BitVector.class
org/openhab/binding/zmartmodbus/internal/exceptions/ModbusException.class
org/openhab/binding/zmartmodbus/ModbusBindingClass$ModbusDataType.class
org/openhab/binding/zmartmodbus/handler/ModbusThingHandler.class
org/openhab/binding/zmartmodbus/internal/exceptions/ModbusMessageNotImplementedException.class
org/openhab/binding/zmartmodbus/internal/exceptions/ModbusConfigurationException.class
org/openhab/binding/zmartmodbus/internal/streams/ModbusAction.class
org/openhab/binding/zmartmodbus/internal/controller/ModbusController$6.class
org/openhab/binding/zmartmodbus/internal/exceptions/ModbusMessageException.class
org/openhab/binding/zmartmodbus/internal/util/Jablotron.class
org/openhab/binding/zmartmodbus/internal/discovery/ModbusSlaveDiscoveryService.class
org/openhab/binding/zmartmodbus/internal/protocol/converter/ModbusBaseConverter.class
org/openhab/binding/zmartmodbus/internal/util/Crc16.class
org/openhab/binding/zmartmodbus/internal/exceptions/ModbusMessageTooLongException.class
org/openhab/binding/zmartmodbus/internal/transceiver/ModbusTransceiver.class
org/openhab/binding/zmartmodbus/ModbusBindingClass.class
org/openhab/binding/zmartmodbus/internal/util/HexToIntegerConverter.class
org/openhab/binding/zmartmodbus/internal/config/ModbusBaseConfiguration.class
org/openhab/binding/zmartmodbus/internal/protocol/ModbusCounters.class
org/openhab/binding/zmartmodbus/handler/ModbusThingHandlerJablotron.class
org/openhab/binding/zmartmodbus/handler/ModbusBridgeHandler$2.class
org/openhab/binding/zmartmodbus/internal/config/ModbusBridgeConfiguration.class
org/openhab/binding/zmartmodbus/internal/protocol/ModbusDeviceInfo.class
org/openhab/binding/zmartmodbus/internal/factory/ModbusFactory$1.class
org/openhab/binding/zmartmodbus/internal/protocol/IModbusIOHandler.class
org/openhab/binding/zmartmodbus/handler/ModbusThingHandler$1.class
org/openhab/binding/zmartmodbus/internal/controller/ModbusController.class
org/openhab/binding/zmartmodbus/internal/exceptions/ModbusInterfaceException.class
org/openhab/binding/zmartmodbus/ModbusBindingClass$DataType.class
org/openhab/binding/zmartmodbus/internal/exceptions/ModbusProtocolException.class
org/openhab/binding/zmartmodbus/internal/controller/ModbusController$5.class
org/openhab/binding/zmartmodbus/internal/protocol/ModbusFunction.class
org/openhab/binding/zmartmodbus/internal/ModbusActivator.class
org/openhab/binding/zmartmodbus/internal/factory/ModbusDataSets.class
