/Users/peter/Development/org.openhab.binding.zmartmodbus/src/main/java/org/openhab/binding/zmartmodbus/internal/config/ModbusBaseConfiguration.java
/Users/peter/Development/org.openhab.binding.zmartmodbus/src/main/java/org/openhab/binding/zmartmodbus/internal/util/BitVector.java
/Users/peter/Development/org.openhab.binding.zmartmodbus/src/main/java/org/openhab/binding/zmartmodbus/internal/protocol/converter/ModbusBaseConverter.java
/Users/peter/Development/org.openhab.binding.zmartmodbus/src/main/java/org/openhab/binding/zmartmodbus/internal/config/ModbusBridgeConfiguration.java
/Users/peter/Development/org.openhab.binding.zmartmodbus/src/main/java/org/openhab/binding/zmartmodbus/internal/config/ModbusSerialConfiguration.java
/Users/peter/Development/org.openhab.binding.zmartmodbus/src/main/java/org/openhab/binding/zmartmodbus/internal/util/Register.java
/Users/peter/Development/org.openhab.binding.zmartmodbus/src/main/java/org/openhab/binding/zmartmodbus/handler/ModbusThingHandler.java
/Users/peter/Development/org.openhab.binding.zmartmodbus/src/main/java/org/openhab/binding/zmartmodbus/internal/config/ModbusThingConfiguration.java
/Users/peter/Development/org.openhab.binding.zmartmodbus/src/main/java/org/openhab/binding/zmartmodbus/internal/factory/ModbusDataSets.java
/Users/peter/Development/org.openhab.binding.zmartmodbus/src/main/java/org/openhab/binding/zmartmodbus/internal/listener/ActionListener.java
/Users/peter/Development/org.openhab.binding.zmartmodbus/src/main/java/org/openhab/binding/zmartmodbus/internal/protocol/ModbusDeviceInfo.java
/Users/peter/Development/org.openhab.binding.zmartmodbus/src/main/java/org/openhab/binding/zmartmodbus/internal/factory/ModbusFactory.java
/Users/peter/Development/org.openhab.binding.zmartmodbus/src/main/java/org/openhab/binding/zmartmodbus/internal/protocol/IModbusIOHandler.java
/Users/peter/Development/org.openhab.binding.zmartmodbus/src/main/java/org/openhab/binding/zmartmodbus/internal/exceptions/ModbusMessageException.java
/Users/peter/Development/org.openhab.binding.zmartmodbus/src/main/java/org/openhab/binding/zmartmodbus/internal/ModbusHandlerFactory.java
/Users/peter/Development/org.openhab.binding.zmartmodbus/src/main/java/org/openhab/binding/zmartmodbus/internal/util/Jablotron.java
/Users/peter/Development/org.openhab.binding.zmartmodbus/src/main/java/org/openhab/binding/zmartmodbus/internal/exceptions/ModbusProtocolException.java
/Users/peter/Development/org.openhab.binding.zmartmodbus/src/main/java/org/openhab/binding/zmartmodbus/internal/util/HexToIntegerConverter.java
/Users/peter/Development/org.openhab.binding.zmartmodbus/src/main/java/org/openhab/binding/zmartmodbus/internal/protocol/ModbusFunctionJablotron.java
/Users/peter/Development/org.openhab.binding.zmartmodbus/src/main/java/org/openhab/binding/zmartmodbus/internal/protocol/SerialInterfaceException.java
/Users/peter/Development/org.openhab.binding.zmartmodbus/src/main/java/org/openhab/binding/zmartmodbus/internal/util/Crc16.java
/Users/peter/Development/org.openhab.binding.zmartmodbus/src/main/java/org/openhab/binding/zmartmodbus/internal/transceiver/ModbusSerialTransceiver.java
/Users/peter/Development/org.openhab.binding.zmartmodbus/src/main/java/org/openhab/binding/zmartmodbus/internal/listener/StateListener.java
/Users/peter/Development/org.openhab.binding.zmartmodbus/src/main/java/org/openhab/binding/zmartmodbus/internal/listener/MessageListener.java
/Users/peter/Development/org.openhab.binding.zmartmodbus/src/main/java/org/openhab/binding/zmartmodbus/internal/ModbusActivator.java
/Users/peter/Development/org.openhab.binding.zmartmodbus/src/main/java/org/openhab/binding/zmartmodbus/internal/controller/ModbusThingChannel.java
/Users/peter/Development/org.openhab.binding.zmartmodbus/src/main/java/org/openhab/binding/zmartmodbus/ModbusBindingConstants.java
/Users/peter/Development/org.openhab.binding.zmartmodbus/src/main/java/org/openhab/binding/zmartmodbus/internal/controller/ModbusController.java
/Users/peter/Development/org.openhab.binding.zmartmodbus/src/main/java/org/openhab/binding/zmartmodbus/internal/exceptions/ModbusMessageNotImplementedException.java
/Users/peter/Development/org.openhab.binding.zmartmodbus/src/main/java/org/openhab/binding/zmartmodbus/internal/exceptions/ModbusConfigurationException.java
/Users/peter/Development/org.openhab.binding.zmartmodbus/src/main/java/org/openhab/binding/zmartmodbus/internal/exceptions/ModbusInterfaceException.java
/Users/peter/Development/org.openhab.binding.zmartmodbus/src/main/java/org/openhab/binding/zmartmodbus/internal/factory/ModbusHandler.java
/Users/peter/Development/org.openhab.binding.zmartmodbus/src/main/java/org/openhab/binding/zmartmodbus/internal/streams/ModbusAction.java
/Users/peter/Development/org.openhab.binding.zmartmodbus/src/main/java/org/openhab/binding/zmartmodbus/internal/protocol/ModbusCounters.java
/Users/peter/Development/org.openhab.binding.zmartmodbus/src/main/java/org/openhab/binding/zmartmodbus/internal/factory/ModbusDataSet.java
/Users/peter/Development/org.openhab.binding.zmartmodbus/src/main/java/org/openhab/binding/zmartmodbus/internal/discovery/ModbusSlaveDiscoveryService.java
/Users/peter/Development/org.openhab.binding.zmartmodbus/src/main/java/org/openhab/binding/zmartmodbus/internal/exceptions/ModbusUnsupportedValueException.java
/Users/peter/Development/org.openhab.binding.zmartmodbus/src/main/java/org/openhab/binding/zmartmodbus/internal/exceptions/ModbusProtocolErrorCode.java
/Users/peter/Development/org.openhab.binding.zmartmodbus/src/main/java/org/openhab/binding/zmartmodbus/ModbusBindingClass.java
/Users/peter/Development/org.openhab.binding.zmartmodbus/src/main/java/org/openhab/binding/zmartmodbus/internal/streams/ModbusState.java
/Users/peter/Development/org.openhab.binding.zmartmodbus/src/main/java/org/openhab/binding/zmartmodbus/internal/factory/ModbusActionFeed.java
/Users/peter/Development/org.openhab.binding.zmartmodbus/src/main/java/org/openhab/binding/zmartmodbus/internal/exceptions/ModbusMessageTooLongException.java
/Users/peter/Development/org.openhab.binding.zmartmodbus/src/main/java/org/openhab/binding/zmartmodbus/internal/exceptions/ModbusException.java
/Users/peter/Development/org.openhab.binding.zmartmodbus/src/main/java/org/openhab/binding/zmartmodbus/internal/streams/ModbusMessage.java
/Users/peter/Development/org.openhab.binding.zmartmodbus/src/main/java/org/openhab/binding/zmartmodbus/internal/transceiver/ModbusTransceiver.java
/Users/peter/Development/org.openhab.binding.zmartmodbus/src/main/java/org/openhab/binding/zmartmodbus/handler/ModbusThingHandlerJablotron.java
/Users/peter/Development/org.openhab.binding.zmartmodbus/src/main/java/org/openhab/binding/zmartmodbus/handler/ModbusBridgeHandler.java
/Users/peter/Development/org.openhab.binding.zmartmodbus/src/main/java/org/openhab/binding/zmartmodbus/internal/protocol/ModbusFunction.java
/Users/peter/Development/org.openhab.binding.zmartmodbus/src/main/java/org/openhab/binding/zmartmodbus/internal/protocol/ModbusCommEvent.java
